Sending Request: initialize undefined
Response received.
Initialized.
Sending Request: tools/call run_playtest
Response received.
run_playtest result received.
Output Text: Error: Game.exe not found at C:\Users\1225s\Desktop\dev\RPG繝・け繝ｼ繝ｫMZ・ｿMCP\test_project\Game.exe. Please deploy the game or provide correct path.
WARNING: New Game automation NOT triggered? Check Output Text above.
